** Drc report for signal_conditioning_top.kicad_pcb **
** Created on 2026-09-12T17:13:04+0100 **

** Found 30 DRC violations **
[clearance]: Clearance violation (netclass 'POWER' clearance 0.2000 mm; actual 0.1800 mm)
    Rule: netclass 'POWER'; error
    @(92.8350 mm, 104.0000 mm): Pad 1 [V-] of C8 on F.Cu
    @(93.4750 mm, 104.0000 mm): Pad 2 [AGND] of C8 on F.Cu
[clearance]: Clearance violation (netclass 'POWER' clearance 0.2000 mm; actual 0.1800 mm)
    Rule: netclass 'POWER'; error
    @(92.8350 mm, 106.0000 mm): Pad 1 [V-] of C7 on F.Cu
    @(93.4750 mm, 106.0000 mm): Pad 2 [AGND] of C7 on F.Cu
[clearance]: Clearance violation (netclass 'POWER' clearance 0.2000 mm; actual 0.1800 mm)
    Rule: netclass 'POWER'; error
    @(102.5000 mm, 103.4750 mm): Pad 1 [V+] of C6 on F.Cu
    @(102.5000 mm, 102.8350 mm): Pad 2 [AGND] of C6 on F.Cu
[clearance]: Clearance violation (netclass 'POWER' clearance 0.2000 mm; actual 0.1800 mm)
    Rule: netclass 'POWER'; error
    @(100.8350 mm, 101.0000 mm): Pad 1 [V+] of C5 on F.Cu
    @(101.4750 mm, 101.0000 mm): Pad 2 [AGND] of C5 on F.Cu
[clearance]: Clearance violation (netclass 'POWER' clearance 0.2000 mm; actual 0.1800 mm)
    Rule: netclass 'POWER'; error
    @(216.4750 mm, 100.5000 mm): Pad 1 [V-] of C28 on F.Cu
    @(215.8350 mm, 100.5000 mm): Pad 2 [AGND] of C28 on F.Cu
[clearance]: Clearance violation (netclass 'POWER' clearance 0.2000 mm; actual 0.1800 mm)
    Rule: netclass 'POWER'; error
    @(194.5000 mm, 104.0250 mm): Pad 1 [V-] of C23 on F.Cu
    @(194.5000 mm, 104.6650 mm): Pad 2 [AGND] of C23 on F.Cu
[clearance]: Clearance violation (netclass 'POWER' clearance 0.2000 mm; actual 0.1800 mm)
    Rule: netclass 'POWER'; error
    @(71.5000 mm, 104.3350 mm): Pad 1 [AGND] of C3 on F.Cu
    @(71.5000 mm, 104.9750 mm): Pad 2 [V-] of C3 on F.Cu
[clearance]: Clearance violation (netclass 'POWER' clearance 0.2000 mm; actual 0.1800 mm)
    Rule: netclass 'POWER'; error
    @(80.7596 mm, 101.6059 mm): Pad 1 [V+] of C2 on F.Cu
    @(80.7596 mm, 102.2459 mm): Pad 2 [Net-(C1-Pad2)] of C2 on F.Cu
[clearance]: Clearance violation (netclass 'POWER' clearance 0.2000 mm; actual 0.1800 mm)
    Rule: netclass 'POWER'; error
    @(126.9375 mm, 102.4500 mm): Pad 1 [AGND] of C10 on F.Cu
    @(126.2975 mm, 102.4500 mm): Pad 2 [V+] of C10 on F.Cu
[clearance]: Clearance violation (netclass 'POWER' clearance 0.2000 mm; actual 0.1800 mm)
    Rule: netclass 'POWER'; error
    @(201.0000 mm, 103.8350 mm): Pad 1 [V+] of C22 on F.Cu
    @(201.0000 mm, 104.4750 mm): Pad 2 [AGND] of C22 on F.Cu
[clearance]: Clearance violation (netclass 'POWER' clearance 0.2000 mm; actual 0.1800 mm)
    Rule: netclass 'POWER'; error
    @(121.9975 mm, 99.3000 mm): Pad 1 [V-] of C11 on F.Cu
    @(122.6375 mm, 99.3000 mm): Pad 2 [AGND] of C11 on F.Cu
[clearance]: Clearance violation (netclass 'POWER' clearance 0.2000 mm; actual 0.1800 mm)
    Rule: netclass 'POWER'; error
    @(126.1875 mm, 100.4000 mm): Pad 1 [AGND] of C9 on F.Cu
    @(125.5475 mm, 100.4000 mm): Pad 2 [V+] of C9 on F.Cu
[clearance]: Clearance violation (netclass 'POWER' clearance 0.2000 mm; actual 0.1800 mm)
    Rule: netclass 'POWER'; error
    @(218.5000 mm, 103.0850 mm): Pad 1 [V-] of C25 on F.Cu
    @(218.5000 mm, 103.7250 mm): Pad 2 [AGND] of C25 on F.Cu
[clearance]: Clearance violation (netclass 'POWER' clearance 0.2000 mm; actual 0.1800 mm)
    Rule: netclass 'POWER'; error
    @(119.6625 mm, 98.4150 mm): Pad 1 [V-] of C12 on F.Cu
    @(119.6625 mm, 97.7750 mm): Pad 2 [AGND] of C12 on F.Cu
[clearance]: Clearance violation (netclass 'POWER' clearance 0.2000 mm; actual 0.1800 mm)
    Rule: netclass 'POWER'; error
    @(154.2275 mm, 105.6900 mm): Pad 1 [V-] of C18 on F.Cu
    @(153.5875 mm, 105.6900 mm): Pad 2 [AGND] of C18 on F.Cu
[clearance]: Clearance violation (netclass 'POWER' clearance 0.2000 mm; actual 0.1800 mm)
    Rule: netclass 'POWER'; error
    @(161.9225 mm, 108.1900 mm): Pad 1 [V+] of C17 on F.Cu
    @(162.5625 mm, 108.1900 mm): Pad 2 [AGND] of C17 on F.Cu
[clearance]: Clearance violation (netclass 'POWER' clearance 0.2000 mm; actual 0.1800 mm)
    Rule: netclass 'POWER'; error
    @(225.9750 mm, 102.5000 mm): Pad 1 [V+] of C24 on F.Cu
    @(225.3350 mm, 102.5000 mm): Pad 2 [AGND] of C24 on F.Cu
[clearance]: Clearance violation (netclass 'POWER' clearance 0.2000 mm; actual 0.1800 mm)
    Rule: netclass 'POWER'; error
    @(78.5596 mm, 99.7559 mm): Pad 1 [V+] of C1 on F.Cu
    @(78.5596 mm, 100.3959 mm): Pad 2 [Net-(C1-Pad2)] of C1 on F.Cu
[clearance]: Clearance violation (netclass 'POWER' clearance 0.2000 mm; actual 0.1800 mm)
    Rule: netclass 'POWER'; error
    @(69.2500 mm, 104.9750 mm): Pad 1 [AGND] of C4 on F.Cu
    @(69.2500 mm, 104.3350 mm): Pad 2 [V-] of C4 on F.Cu
[clearance]: Clearance violation (netclass 'POWER' clearance 0.2000 mm; actual 0.1800 mm)
    Rule: netclass 'POWER'; error
    @(225.9750 mm, 100.0000 mm): Pad 1 [V+] of C27 on F.Cu
    @(225.3350 mm, 100.0000 mm): Pad 2 [AGND] of C27 on F.Cu
[clearance]: Clearance violation (netclass 'Default' clearance 0.1500 mm; actual 0.1250 mm)
    Rule: netclass 'Default'; error
    @(127.9875 mm, 105.4600 mm): Pad 1 [MICRF+] of D1 on F.Cu
    @(127.9875 mm, 105.9600 mm): Pad 2 [MICRF-] of D1 on F.Cu
[clearance]: Clearance violation (netclass 'Default' clearance 0.1500 mm; actual 0.1250 mm)
    Rule: netclass 'Default'; error
    @(127.9875 mm, 105.9600 mm): Pad 2 [MICRF-] of D1 on F.Cu
    @(127.9875 mm, 106.4600 mm): Pad 3 [<no net>] of D1 on F.Cu
[clearance]: Clearance violation (netclass 'Default' clearance 0.1500 mm; actual 0.1250 mm)
    Rule: netclass 'Default'; error
    @(129.5875 mm, 108.4600 mm): Pad 1 [MICRF-] of D2 on F.Cu
    @(129.0875 mm, 108.4600 mm): Pad 2 [MICRF+] of D2 on F.Cu
[clearance]: Clearance violation (netclass 'Default' clearance 0.1500 mm; actual 0.1250 mm)
    Rule: netclass 'Default'; error
    @(129.0875 mm, 108.4600 mm): Pad 2 [MICRF+] of D2 on F.Cu
    @(128.5875 mm, 108.4600 mm): Pad 3 [<no net>] of D2 on F.Cu
[silk_over_copper]: Silkscreen clipped by solder mask
    Local override; warning
    @(221.5476 mm, 100.7500 mm): Reference field of U3
[silk_over_copper]: Silkscreen clipped by solder mask
    Local override; warning
    @(198.3226 mm, 100.8600 mm): Reference field of U2
[silk_over_copper]: Silkscreen clipped by solder mask
    Local override; warning
    @(159.0399 mm, 105.4400 mm): Reference field of U1
[silk_over_copper]: Silkscreen clipped by solder mask
    Local override; warning
    @(122.7101 mm, 102.6500 mm): Reference field of DIFF1
[silk_overlap]: Silkscreen overlap
    Rule: board setup constraints silk; warning
    @(124.3871 mm, 100.9730 mm): Segment of DIFF1 on F.Silkscreen
    @(122.7101 mm, 102.6500 mm): Reference field of DIFF1
[silk_overlap]: Silkscreen overlap
    Rule: board setup constraints silk; warning
    @(121.0331 mm, 104.3270 mm): Segment of DIFF1 on F.Silkscreen
    @(122.7101 mm, 102.6500 mm): Reference field of DIFF1

** Found 157 unconnected pads **
[unconnected_items]: Missing connection between items
    Local override; error
    @(69.2500 mm, 104.3350 mm): Pad 2 [V-] of C4 on F.Cu
    @(71.5000 mm, 104.9750 mm): Pad 2 [V-] of C3 on F.Cu
[unconnected_items]: Missing connection between items
    Local override; error
    @(71.5000 mm, 104.9750 mm): Pad 2 [V-] of C3 on F.Cu
    @(75.7572 mm, 103.0209 mm): Pad HTAB [V-] of BUFF1 on F.Cu
[unconnected_items]: Missing connection between items
    Local override; error
    @(75.7572 mm, 103.0209 mm): Pad HTAB [V-] of BUFF1 on F.Cu
    @(92.8350 mm, 104.0000 mm): Pad 1 [V-] of C8 on F.Cu
[unconnected_items]: Missing connection between items
    Local override; error
    @(92.8350 mm, 106.0000 mm): Pad 1 [V-] of C7 on F.Cu
    @(92.8350 mm, 104.0000 mm): Pad 1 [V-] of C8 on F.Cu
[unconnected_items]: Missing connection between items
    Local override; error
    @(95.7976 mm, 103.7024 mm): Pad 4 [V-] of BUFF2 on F.Cu
    @(97.2500 mm, 102.9524 mm): Pad HTAB [V-] of BUFF2 on F.Cu
[unconnected_items]: Missing connection between items
    Local override; error
    @(95.7976 mm, 103.7024 mm): Pad 4 [V-] of BUFF2 on F.Cu
    @(92.8350 mm, 104.0000 mm): Pad 1 [V-] of C8 on F.Cu
[unconnected_items]: Missing connection between items
    Local override; error
    @(97.2500 mm, 102.9524 mm): Pad HTAB [V-] of BUFF2 on F.Cu
    @(119.6625 mm, 98.4150 mm): Pad 1 [V-] of C12 on F.Cu
[unconnected_items]: Missing connection between items
    Local override; error
    @(121.2577 mm, 103.4000 mm): Pad 4 [V-] of DIFF1 on F.Cu
    @(122.7101 mm, 102.6500 mm): Pad HTAB [V-] of DIFF1 on F.Cu
[unconnected_items]: Missing connection between items
    Local override; error
    @(121.9975 mm, 99.3000 mm): Pad 1 [V-] of C11 on F.Cu
    @(119.6625 mm, 98.4150 mm): Pad 1 [V-] of C12 on F.Cu
[unconnected_items]: Missing connection between items
    Local override; error
    @(121.9975 mm, 99.3000 mm): Pad 1 [V-] of C11 on F.Cu
    @(122.7101 mm, 102.6500 mm): Pad HTAB [V-] of DIFF1 on F.Cu
[unconnected_items]: Missing connection between items
    Local override; error
    @(154.2275 mm, 105.6900 mm): Pad 1 [V-] of C18 on F.Cu
    @(155.0875 mm, 109.1900 mm): Pad 2 [V-] of R12 on F.Cu
[unconnected_items]: Missing connection between items
    Local override; error
    @(154.2275 mm, 105.6900 mm): Pad 1 [V-] of C18 on F.Cu
    @(122.7101 mm, 102.6500 mm): Pad HTAB [V-] of DIFF1 on F.Cu
[unconnected_items]: Missing connection between items
    Local override; error
    @(155.0875 mm, 109.1900 mm): Pad 2 [V-] of R12 on F.Cu
    @(189.5000 mm, 104.5000 mm): Pad 2 [V-] of R20 on F.Cu
[unconnected_items]: Missing connection between items
    Local override; error
    @(189.5000 mm, 104.5000 mm): Pad 2 [V-] of R20 on F.Cu
    @(194.5000 mm, 104.0250 mm): Pad 1 [V-] of C23 on F.Cu
[unconnected_items]: Missing connection between items
    Local override; error
    @(216.4750 mm, 100.5000 mm): Pad 1 [V-] of C28 on F.Cu
    @(218.5000 mm, 103.0850 mm): Pad 1 [V-] of C25 on F.Cu
[unconnected_items]: Missing connection between items
    Local override; error
    @(216.4750 mm, 100.5000 mm): Pad 1 [V-] of C28 on F.Cu
    @(194.5000 mm, 104.0250 mm): Pad 1 [V-] of C23 on F.Cu
[unconnected_items]: Missing connection between items
    Local override; error
    @(218.5000 mm, 103.0850 mm): Pad 1 [V-] of C25 on F.Cu
    @(220.0952 mm, 101.5000 mm): Pad 4 [V-] of U3 on F.Cu
[unconnected_items]: Missing connection between items
    Local override; error
    @(220.0952 mm, 101.5000 mm): Pad 4 [V-] of U3 on F.Cu
    @(221.5476 mm, 100.7500 mm): Pad HTAB [V-] of U3 on F.Cu
[unconnected_items]: Missing connection between items
    Local override; error
    @(238.0000 mm, 108.5000 mm): PTH pad 1 [V-] of J3
    @(221.5476 mm, 100.7500 mm): Pad HTAB [V-] of U3 on F.Cu
[unconnected_items]: Missing connection between items
    Local override; error
    @(78.5596 mm, 99.7559 mm): Pad 1 [V+] of C1 on F.Cu
    @(77.2096 mm, 102.2709 mm): Pad 8 [V+] of BUFF1 on F.Cu
[unconnected_items]: Missing connection between items
    Local override; error
    @(80.7596 mm, 101.6059 mm): Pad 1 [V+] of C2 on F.Cu
    @(78.5596 mm, 99.7559 mm): Pad 1 [V+] of C1 on F.Cu
[unconnected_items]: Missing connection between items
    Local override; error
    @(98.7024 mm, 102.2024 mm): Pad 8 [V+] of BUFF2 on F.Cu
    @(80.7596 mm, 101.6059 mm): Pad 1 [V+] of C2 on F.Cu
[unconnected_items]: Missing connection between items
    Local override; error
    @(100.8350 mm, 101.0000 mm): Pad 1 [V+] of C5 on F.Cu
    @(98.7024 mm, 102.2024 mm): Pad 8 [V+] of BUFF2 on F.Cu
[unconnected_items]: Missing connection between items
    Local override; error
    @(102.5000 mm, 103.4750 mm): Pad 1 [V+] of C6 on F.Cu
    @(100.8350 mm, 101.0000 mm): Pad 1 [V+] of C5 on F.Cu
[unconnected_items]: Missing connection between items
    Local override; error
    @(124.1625 mm, 101.9000 mm): Pad 8 [V+] of DIFF1 on F.Cu
    @(125.5475 mm, 100.4000 mm): Pad 2 [V+] of C9 on F.Cu
[unconnected_items]: Missing connection between items
    Local override; error
    @(124.1625 mm, 101.9000 mm): Pad 8 [V+] of DIFF1 on F.Cu
    @(102.5000 mm, 103.4750 mm): Pad 1 [V+] of C6 on F.Cu
[unconnected_items]: Missing connection between items
    Local override; error
    @(125.5475 mm, 100.4000 mm): Pad 2 [V+] of C9 on F.Cu
    @(126.2975 mm, 102.4500 mm): Pad 2 [V+] of C10 on F.Cu
[unconnected_items]: Missing connection between items
    Local override; error
    @(161.9225 mm, 108.1900 mm): Pad 1 [V+] of C17 on F.Cu
    @(126.2975 mm, 102.4500 mm): Pad 2 [V+] of C10 on F.Cu
[unconnected_items]: Missing connection between items
    Local override; error
    @(165.0875 mm, 106.1900 mm): Pad 1 [V+] of R11 on F.Cu
    @(161.9225 mm, 108.1900 mm): Pad 1 [V+] of C17 on F.Cu
[unconnected_items]: Missing connection between items
    Local override; error
    @(201.0000 mm, 103.8350 mm): Pad 1 [V+] of C22 on F.Cu
    @(204.1750 mm, 102.0000 mm): Pad 1 [V+] of R19 on F.Cu
[unconnected_items]: Missing connection between items
    Local override; error
    @(201.0000 mm, 103.8350 mm): Pad 1 [V+] of C22 on F.Cu
    @(165.0875 mm, 106.1900 mm): Pad 1 [V+] of R11 on F.Cu
[unconnected_items]: Missing connection between items
    Local override; error
    @(223.0000 mm, 100.0000 mm): Pad 8 [V+] of U3 on F.Cu
    @(225.9750 mm, 100.0000 mm): Pad 1 [V+] of C27 on F.Cu
[unconnected_items]: Missing connection between items
    Local override; error
    @(223.0000 mm, 100.0000 mm): Pad 8 [V+] of U3 on F.Cu
    @(204.1750 mm, 102.0000 mm): Pad 1 [V+] of R19 on F.Cu
[unconnected_items]: Missing connection between items
    Local override; error
    @(225.9750 mm, 102.5000 mm): Pad 1 [V+] of C24 on F.Cu
    @(225.9750 mm, 100.0000 mm): Pad 1 [V+] of C27 on F.Cu
[unconnected_items]: Missing connection between items
    Local override; error
    @(225.9750 mm, 102.5000 mm): Pad 1 [V+] of C24 on F.Cu
    @(238.0000 mm, 103.4200 mm): PTH pad 3 [V+] of J3
[unconnected_items]: Missing connection between items
    Local override; error
    @(71.5000 mm, 104.3350 mm): Pad 1 [AGND] of C3 on F.Cu
    @(69.2500 mm, 104.9750 mm): Pad 1 [AGND] of C4 on F.Cu
[unconnected_items]: Missing connection between items
    Local override; error
    @(74.3048 mm, 103.7709 mm): Pad 4 [AGND] of BUFF1 on F.Cu
    @(71.5000 mm, 104.3350 mm): Pad 1 [AGND] of C3 on F.Cu
[unconnected_items]: Missing connection between items
    Local override; error
    @(93.4750 mm, 104.0000 mm): Pad 2 [AGND] of C8 on F.Cu
    @(93.4750 mm, 106.0000 mm): Pad 2 [AGND] of C7 on F.Cu
[unconnected_items]: Missing connection between items
    Local override; error
    @(93.4750 mm, 104.0000 mm): Pad 2 [AGND] of C8 on F.Cu
    @(74.3048 mm, 103.7709 mm): Pad 4 [AGND] of BUFF1 on F.Cu
[unconnected_items]: Missing connection between items
    Local override; error
    @(101.4750 mm, 101.0000 mm): Pad 2 [AGND] of C5 on F.Cu
    @(93.4750 mm, 104.0000 mm): Pad 2 [AGND] of C8 on F.Cu
[unconnected_items]: Missing connection between items
    Local override; error
    @(102.5000 mm, 102.8350 mm): Pad 2 [AGND] of C6 on F.Cu
    @(101.4750 mm, 101.0000 mm): Pad 2 [AGND] of C5 on F.Cu
[unconnected_items]: Missing connection between items
    Local override; error
    @(119.6625 mm, 97.7750 mm): Pad 2 [AGND] of C12 on F.Cu
    @(102.5000 mm, 102.8350 mm): Pad 2 [AGND] of C6 on F.Cu
[unconnected_items]: Missing connection between items
    Local override; error
    @(122.6375 mm, 99.3000 mm): Pad 2 [AGND] of C11 on F.Cu
    @(119.6625 mm, 97.7750 mm): Pad 2 [AGND] of C12 on F.Cu
[unconnected_items]: Missing connection between items
    Local override; error
    @(126.1875 mm, 100.4000 mm): Pad 1 [AGND] of C9 on F.Cu
    @(122.6375 mm, 99.3000 mm): Pad 2 [AGND] of C11 on F.Cu
[unconnected_items]: Missing connection between items
    Local override; error
    @(126.9375 mm, 102.4500 mm): Pad 1 [AGND] of C10 on F.Cu
    @(126.1875 mm, 100.4000 mm): Pad 1 [AGND] of C9 on F.Cu
[unconnected_items]: Missing connection between items
    Local override; error
    @(134.4125 mm, 101.6500 mm): Pad 2 [AGND] of C14 on F.Cu
    @(126.9375 mm, 102.4500 mm): Pad 1 [AGND] of C10 on F.Cu
[unconnected_items]: Missing connection between items
    Local override; error
    @(153.5875 mm, 105.6900 mm): Pad 2 [AGND] of C18 on F.Cu
    @(153.6750 mm, 102.1900 mm): Pad 1 [AGND] of R14 on F.Cu
[unconnected_items]: Missing connection between items
    Local override; error
    @(153.5875 mm, 105.6900 mm): Pad 2 [AGND] of C18 on F.Cu
    @(162.5625 mm, 108.1900 mm): Pad 2 [AGND] of C17 on F.Cu
[unconnected_items]: Missing connection between items
    Local override; error
    @(153.6750 mm, 102.1900 mm): Pad 1 [AGND] of R14 on F.Cu
    @(153.5875 mm, 98.1900 mm): Pad 1 [AGND] of R10 on F.Cu
[unconnected_items]: Missing connection between items
    Local override; error
    @(153.6750 mm, 102.1900 mm): Pad 1 [AGND] of R14 on F.Cu
    @(134.4125 mm, 101.6500 mm): Pad 2 [AGND] of C14 on F.Cu
[unconnected_items]: Missing connection between items
    Local override; error
    @(192.0000 mm, 107.5000 mm): Pad 2 [AGND] of C20 on F.Cu
    @(194.5000 mm, 104.6650 mm): Pad 2 [AGND] of C23 on F.Cu
[unconnected_items]: Missing connection between items
    Local override; error
    @(192.0000 mm, 107.5000 mm): Pad 2 [AGND] of C20 on F.Cu
    @(162.5625 mm, 108.1900 mm): Pad 2 [AGND] of C17 on F.Cu
[unconnected_items]: Missing connection between items
    Local override; error
    @(194.5000 mm, 104.6650 mm): Pad 2 [AGND] of C23 on F.Cu
    @(198.0000 mm, 108.0000 mm): Pad 2 [AGND] of C21 on F.Cu
[unconnected_items]: Missing connection between items
    Local override; error
    @(198.0000 mm, 108.0000 mm): Pad 2 [AGND] of C21 on F.Cu
    @(202.1750 mm, 109.0000 mm): Pad 1 [AGND] of R17 on F.Cu
[unconnected_items]: Missing connection between items
    Local override; error
    @(198.0000 mm, 108.0000 mm): Pad 2 [AGND] of C21 on F.Cu
    @(201.0000 mm, 104.4750 mm): Pad 2 [AGND] of C22 on F.Cu
[unconnected_items]: Missing connection between items
    Local override; error
    @(201.0000 mm, 104.4750 mm): Pad 2 [AGND] of C22 on F.Cu
    @(215.8350 mm, 100.5000 mm): Pad 2 [AGND] of C28 on F.Cu
[unconnected_items]: Missing connection between items
    Local override; error
    @(215.8350 mm, 100.5000 mm): Pad 2 [AGND] of C28 on F.Cu
    @(216.9476 mm, 97.3000 mm): Pad 2 [AGND] of C26 on F.Cu
[unconnected_items]: Missing connection between items
    Local override; error
    @(215.8350 mm, 100.5000 mm): Pad 2 [AGND] of C28 on F.Cu
    @(218.5000 mm, 103.7250 mm): Pad 2 [AGND] of C25 on F.Cu
[unconnected_items]: Missing connection between items
    Local override; error
    @(218.5000 mm, 103.7250 mm): Pad 2 [AGND] of C25 on F.Cu
    @(225.3350 mm, 102.5000 mm): Pad 2 [AGND] of C24 on F.Cu
[unconnected_items]: Missing connection between items
    Local override; error
    @(225.3350 mm, 100.0000 mm): Pad 2 [AGND] of C27 on F.Cu
    @(225.3350 mm, 102.5000 mm): Pad 2 [AGND] of C24 on F.Cu
[unconnected_items]: Missing connection between items
    Local override; error
    @(225.3350 mm, 102.5000 mm): Pad 2 [AGND] of C24 on F.Cu
    @(232.0000 mm, 105.9250 mm): Pad 2 [AGND] of RDIV2 on F.Cu
[unconnected_items]: Missing connection between items
    Local override; error
    @(232.0000 mm, 105.9250 mm): Pad 2 [AGND] of RDIV2 on F.Cu
    @(238.0000 mm, 105.9600 mm): PTH pad 2 [AGND] of J3
[unconnected_items]: Missing connection between items
    Local override; error
    @(112.5500 mm, 103.6750 mm): Pad 2 [MICRF+] of R8 on F.Cu
    @(116.5875 mm, 103.0500 mm): Pad 2 [MICRF+] of R5 on F.Cu
[unconnected_items]: Missing connection between items
    Local override; error
    @(116.5875 mm, 103.0500 mm): Pad 2 [MICRF+] of R5 on F.Cu
    @(118.4125 mm, 106.8000 mm): Pad 2 [MICRF+] of R6 on F.Cu
[unconnected_items]: Missing connection between items
    Local override; error
    @(118.4125 mm, 106.8000 mm): Pad 2 [MICRF+] of R6 on F.Cu
    @(124.1625 mm, 102.4000 mm): Pad 7 [MICRF+] of DIFF1 on F.Cu
[unconnected_items]: Missing connection between items
    Local override; error
    @(120.9875 mm, 95.7500 mm): Pad 2 [MICRF+] of R7 on F.Cu
    @(124.1625 mm, 102.4000 mm): Pad 7 [MICRF+] of DIFF1 on F.Cu
[unconnected_items]: Missing connection between items
    Local override; error
    @(124.1625 mm, 102.4000 mm): Pad 7 [MICRF+] of DIFF1 on F.Cu
    @(127.9875 mm, 105.4600 mm): Pad 1 [MICRF+] of D1 on F.Cu
[unconnected_items]: Missing connection between items
    Local override; error
    @(127.9875 mm, 105.4600 mm): Pad 1 [MICRF+] of D1 on F.Cu
    @(129.0875 mm, 108.4600 mm): Pad 2 [MICRF+] of D2 on F.Cu
[unconnected_items]: Missing connection between items
    Local override; error
    @(129.0875 mm, 108.4600 mm): Pad 2 [MICRF+] of D2 on F.Cu
    @(133.1000 mm, 109.4000 mm): PTH pad 1 [MICRF+] of TP3
[unconnected_items]: Missing connection between items
    Local override; error
    @(130.1000 mm, 98.5000 mm): Pad 1 [MICRF+] of C13 on F.Cu
    @(124.1625 mm, 102.4000 mm): Pad 7 [MICRF+] of DIFF1 on F.Cu
[unconnected_items]: Missing connection between items
    Local override; error
    @(133.1000 mm, 106.8600 mm): PTH pad 1 [MICRF+] of TP3
    @(133.1000 mm, 109.4000 mm): PTH pad 1 [MICRF+] of TP3
[unconnected_items]: Missing connection between items
    Local override; error
    @(140.0000 mm, 107.0000 mm): Pad 2 [MICRF+] of Crf1 on F.Cu
    @(133.1000 mm, 106.8600 mm): PTH pad 1 [MICRF+] of TP3
[unconnected_items]: Missing connection between items
    Local override; error
    @(132.0000 mm, 98.5000 mm): Pad 2 [/HPF/HP_IN] of C13 on F.Cu
    @(149.0875 mm, 99.1900 mm): PTH pad 1 [/HPF/HP_IN] of TP4
[unconnected_items]: Missing connection between items
    Local override; error
    @(149.0875 mm, 99.1900 mm): PTH pad 1 [/HPF/HP_IN] of TP4
    @(149.0875 mm, 101.7300 mm): PTH pad 1 [/HPF/HP_IN] of TP4
[unconnected_items]: Missing connection between items
    Local override; error
    @(158.6375 mm, 96.6900 mm): Pad 1 [/HPF/HP_IN] of C15 on F.Cu
    @(149.0875 mm, 99.1900 mm): PTH pad 1 [/HPF/HP_IN] of TP4
[unconnected_items]: Missing connection between items
    Local override; error
    @(163.0875 mm, 102.6900 mm): Pad 1 [Net-(C15-Pad2)] of R9 on F.Cu
    @(164.6375 mm, 98.1900 mm): Pad 1 [Net-(C15-Pad2)] of C16 on F.Cu
[unconnected_items]: Missing connection between items
    Local override; error
    @(164.6375 mm, 98.1900 mm): Pad 1 [Net-(C15-Pad2)] of C16 on F.Cu
    @(160.5375 mm, 96.6900 mm): Pad 2 [Net-(C15-Pad2)] of C15 on F.Cu
[unconnected_items]: Missing connection between items
    Local override; error
    @(191.5000 mm, 96.5000 mm): Pad 2 [Net-(C19-Pad2)] of R15 on F.Cu
    @(191.1750 mm, 101.0000 mm): Pad 1 [Net-(C19-Pad2)] of R16 on F.Cu
[unconnected_items]: Missing connection between items
    Local override; error
    @(196.1000 mm, 93.5000 mm): Pad 2 [Net-(C19-Pad2)] of C19 on F.Cu
    @(191.5000 mm, 96.5000 mm): Pad 2 [Net-(C19-Pad2)] of R15 on F.Cu
[unconnected_items]: Missing connection between items
    Local override; error
    @(198.0000 mm, 93.5000 mm): Pad 1 [/ADC Driver/LP_OUT] of C19 on F.Cu
    @(203.0000 mm, 96.5000 mm): Pad 2 [/ADC Driver/LP_OUT] of R18 on F.Cu
[unconnected_items]: Missing connection between items
    Local override; error
    @(199.7750 mm, 100.6100 mm): Pad 7 [/ADC Driver/LP_OUT] of U2 on F.Cu
    @(203.0000 mm, 96.5000 mm): Pad 2 [/ADC Driver/LP_OUT] of R18 on F.Cu
[unconnected_items]: Missing connection between items
    Local override; error
    @(203.0000 mm, 96.5000 mm): Pad 2 [/ADC Driver/LP_OUT] of R18 on F.Cu
    @(208.5000 mm, 96.5000 mm): PTH pad 1 [/ADC Driver/LP_OUT] of TP7
[unconnected_items]: Missing connection between items
    Local override; error
    @(208.5000 mm, 96.5000 mm): PTH pad 1 [/ADC Driver/LP_OUT] of TP7
    @(208.5000 mm, 93.9600 mm): PTH pad 1 [/ADC Driver/LP_OUT] of TP7
[unconnected_items]: Missing connection between items
    Local override; error
    @(208.5000 mm, 96.5000 mm): PTH pad 1 [/ADC Driver/LP_OUT] of TP7
    @(220.0952 mm, 101.0000 mm): Pad 3 [/ADC Driver/LP_OUT] of U3 on F.Cu
[unconnected_items]: Missing connection between items
    Local override; error
    @(220.0952 mm, 100.5000 mm): Pad 2 [/ADC Driver/ADC_IN] of U3 on F.Cu
    @(220.8375 mm, 96.5000 mm): Pad 2 [/ADC Driver/ADC_IN] of Rs1 on F.Cu
[unconnected_items]: Missing connection between items
    Local override; error
    @(220.8375 mm, 96.5000 mm): Pad 2 [/ADC Driver/ADC_IN] of Rs1 on F.Cu
    @(216.9476 mm, 95.4000 mm): Pad 1 [/ADC Driver/ADC_IN] of C26 on F.Cu
[unconnected_items]: Missing connection between items
    Local override; error
    @(227.2500 mm, 113.7500 mm): Pad 2 [GND] of RDIV1 on F.Cu
    @(232.1650 mm, 111.0000 mm): Pad 1 [GND] of Cref1 on F.Cu
[unconnected_items]: Missing connection between items
    Local override; error
    @(231.5250 mm, 111.0000 mm): Pad 2 [Net-(Cref1-Pad2)] of Cref1 on F.Cu
    @(232.0000 mm, 107.7500 mm): Pad 1 [Net-(Cref1-Pad2)] of RDIV2 on F.Cu
[unconnected_items]: Missing connection between items
    Local override; error
    @(45.1196 mm, 99.1709 mm): PTH pad 1 [CM-] of J1
    @(51.2696 mm, 101.6459 mm): Pad 1 [CM-] of Rcm2 on F.Cu
[unconnected_items]: Missing connection between items
    Local override; error
    @(51.1796 mm, 94.6209 mm): PTH pad 1 [CM+] of TP1
    @(42.5796 mm, 99.1709 mm): PTH pad 2 [CM+] of J1
[unconnected_items]: Missing connection between items
    Local override; error
    @(53.7196 mm, 94.6209 mm): PTH pad 1 [CM+] of TP1
    @(51.1796 mm, 94.6209 mm): PTH pad 1 [CM+] of TP1
[unconnected_items]: Missing connection between items
    Local override; error
    @(57.3196 mm, 105.1959 mm): Pad 1 [CM+] of Rcm1 on F.Cu
    @(53.7196 mm, 94.6209 mm): PTH pad 1 [CM+] of TP1
[unconnected_items]: Missing connection between items
    Local override; error
    @(51.2696 mm, 103.4709 mm): Pad 2 [MIC-] of Rcm2 on F.Cu
    @(46.0096 mm, 107.0209 mm): PTH pad 1 [MIC-] of J2
[unconnected_items]: Missing connection between items
    Local override; error
    @(57.7446 mm, 100.0209 mm): Pad 1 [MIC-] of Rdiff2 on F.Cu
    @(51.2696 mm, 103.4709 mm): Pad 2 [MIC-] of Rcm2 on F.Cu
[unconnected_items]: Missing connection between items
    Local override; error
    @(43.4696 mm, 107.0209 mm): PTH pad 2 [MIC+] of J2
    @(53.8296 mm, 112.4209 mm): PTH pad 1 [MIC+] of TP2
[unconnected_items]: Missing connection between items
    Local override; error
    @(53.8296 mm, 112.4209 mm): PTH pad 1 [MIC+] of TP2
    @(56.3696 mm, 112.4209 mm): PTH pad 1 [MIC+] of TP2
[unconnected_items]: Missing connection between items
    Local override; error
    @(56.3696 mm, 112.4209 mm): PTH pad 1 [MIC+] of TP2
    @(57.3196 mm, 107.0209 mm): Pad 2 [MIC+] of Rcm1 on F.Cu
[unconnected_items]: Missing connection between items
    Local override; error
    @(69.8346 mm, 96.4709 mm): Pad 1 [MIC+] of Rdiff1 on F.Cu
    @(57.3196 mm, 107.0209 mm): Pad 2 [MIC+] of Rcm1 on F.Cu
[unconnected_items]: Missing connection between items
    Local override; error
    @(164.9125 mm, 102.6900 mm): Pad 2 [/HPF/HP_OUT] of R9 on F.Cu
    @(160.4923 mm, 105.1900 mm): Pad 7 [/HPF/HP_OUT] of U1 on F.Cu
[unconnected_items]: Missing connection between items
    Local override; error
    @(170.0000 mm, 104.1900 mm): Pad 1 [/HPF/HP_OUT] of R13 on F.Cu
    @(164.9125 mm, 102.6900 mm): Pad 2 [/HPF/HP_OUT] of R9 on F.Cu
[unconnected_items]: Missing connection between items
    Local override; error
    @(174.5000 mm, 106.4600 mm): PTH pad 1 [/HPF/HP_OUT] of TP5
    @(170.0000 mm, 104.1900 mm): Pad 1 [/HPF/HP_OUT] of R13 on F.Cu
[unconnected_items]: Missing connection between items
    Local override; error
    @(174.5000 mm, 109.0000 mm): PTH pad 1 [/HPF/HP_OUT] of TP5
    @(174.5000 mm, 106.4600 mm): PTH pad 1 [/HPF/HP_OUT] of TP5
[unconnected_items]: Missing connection between items
    Local override; error
    @(160.4923 mm, 104.6900 mm): Pad 8 [Net-(U1-V+)] of U1 on F.Cu
    @(166.9125 mm, 106.1900 mm): Pad 2 [Net-(U1-V+)] of R11 on F.Cu
[unconnected_items]: Missing connection between items
    Local override; error
    @(223.5000 mm, 110.5000 mm): Pad 23 [REF] of U4 on F.Cu
    @(224.0000 mm, 110.5000 mm): Pad 24 [REF] of U4 on F.Cu
[unconnected_items]: Missing connection between items
    Local override; error
    @(219.8125 mm, 106.3125 mm): Pad 9 [REFGND] of U4 on F.Cu
    @(219.8125 mm, 106.8125 mm): Pad 10 [REFGND] of U4 on F.Cu
[unconnected_items]: Missing connection between items
    Local override; error
    @(219.8125 mm, 106.8125 mm): Pad 10 [REFGND] of U4 on F.Cu
    @(219.8125 mm, 107.3125 mm): Pad 11 [REFGND] of U4 on F.Cu
[unconnected_items]: Missing connection between items
    Local override; error
    @(219.8125 mm, 107.3125 mm): Pad 11 [REFGND] of U4 on F.Cu
    @(219.8125 mm, 107.8125 mm): Pad 12 [REFGND] of U4 on F.Cu
[unconnected_items]: Missing connection between items
    Local override; error
    @(219.8125 mm, 107.8125 mm): Pad 12 [REFGND] of U4 on F.Cu
    @(219.8125 mm, 108.3125 mm): Pad 13 [REFGND] of U4 on F.Cu
[unconnected_items]: Missing connection between items
    Local override; error
    @(220.5000 mm, 110.5000 mm): Pad 17 [Net-(U4-RESET)] of U4 on F.Cu
    @(221.0000 mm, 110.5000 mm): Pad 18 [Net-(U4-RESET)] of U4 on F.Cu
[unconnected_items]: Missing connection between items
    Local override; error
    @(155.4125 mm, 98.1900 mm): Pad 2 [Net-(U1-INA+)] of R10 on F.Cu
    @(157.5875 mm, 105.6900 mm): Pad 3 [Net-(U1-INA+)] of U1 on F.Cu
[unconnected_items]: Missing connection between items
    Local override; error
    @(166.5375 mm, 98.1900 mm): Pad 2 [Net-(U1-INA+)] of C16 on F.Cu
    @(155.4125 mm, 98.1900 mm): Pad 2 [Net-(U1-INA+)] of R10 on F.Cu
[unconnected_items]: Missing connection between items
    Local override; error
    @(192.0000 mm, 109.4000 mm): Pad 1 [Net-(U2-INA+)] of C20 on F.Cu
    @(196.1000 mm, 108.0000 mm): Pad 1 [Net-(U2-INA+)] of C21 on F.Cu
[unconnected_items]: Missing connection between items
    Local override; error
    @(196.1000 mm, 108.0000 mm): Pad 1 [Net-(U2-INA+)] of C21 on F.Cu
    @(196.8702 mm, 101.1100 mm): Pad 3 [Net-(U2-INA+)] of U2 on F.Cu
[unconnected_items]: Missing connection between items
    Local override; error
    @(196.8702 mm, 101.1100 mm): Pad 3 [Net-(U2-INA+)] of U2 on F.Cu
    @(193.0000 mm, 101.0000 mm): Pad 2 [Net-(U2-INA+)] of R16 on F.Cu
[unconnected_items]: Missing connection between items
    Local override; error
    @(155.5000 mm, 102.1900 mm): Pad 2 [Net-(U1-INA-)] of R14 on F.Cu
    @(157.5875 mm, 105.1900 mm): Pad 2 [Net-(U1-INA-)] of U1 on F.Cu
[unconnected_items]: Missing connection between items
    Local override; error
    @(157.5875 mm, 105.1900 mm): Pad 2 [Net-(U1-INA-)] of U1 on F.Cu
    @(170.0000 mm, 102.3650 mm): Pad 2 [Net-(U1-INA-)] of R13 on F.Cu
[unconnected_items]: Missing connection between items
    Local override; error
    @(196.8702 mm, 100.6100 mm): Pad 2 [Net-(U2-INA-)] of U2 on F.Cu
    @(204.0000 mm, 109.0000 mm): Pad 2 [Net-(U2-INA-)] of R17 on F.Cu
[unconnected_items]: Missing connection between items
    Local override; error
    @(201.1750 mm, 96.5000 mm): Pad 1 [Net-(U2-INA-)] of R18 on F.Cu
    @(196.8702 mm, 100.6100 mm): Pad 2 [Net-(U2-INA-)] of U2 on F.Cu
[unconnected_items]: Missing connection between items
    Local override; error
    @(199.7750 mm, 100.1100 mm): Pad 8 [Net-(U2-V+)] of U2 on F.Cu
    @(206.0000 mm, 102.0000 mm): Pad 2 [Net-(U2-V+)] of R19 on F.Cu
[unconnected_items]: Missing connection between items
    Local override; error
    @(222.6625 mm, 96.5000 mm): Pad 1 [Net-(U3-OUTB)] of Rs1 on F.Cu
    @(223.0000 mm, 100.5000 mm): Pad 7 [Net-(U3-OUTB)] of U3 on F.Cu
[unconnected_items]: Missing connection between items
    Local override; error
    @(157.5875 mm, 106.1900 mm): Pad 4 [Net-(U1-EPAD)] of U1 on F.Cu
    @(156.9125 mm, 109.1900 mm): Pad 1 [Net-(U1-EPAD)] of R12 on F.Cu
[unconnected_items]: Missing connection between items
    Local override; error
    @(159.0399 mm, 105.4400 mm): Pad HTAB [Net-(U1-EPAD)] of U1 on F.Cu
    @(157.5875 mm, 106.1900 mm): Pad 4 [Net-(U1-EPAD)] of U1 on F.Cu
[unconnected_items]: Missing connection between items
    Local override; error
    @(187.6750 mm, 104.5000 mm): Pad 1 [Net-(U2-EPAD)] of R20 on F.Cu
    @(196.8702 mm, 101.6100 mm): Pad 4 [Net-(U2-EPAD)] of U2 on F.Cu
[unconnected_items]: Missing connection between items
    Local override; error
    @(196.8702 mm, 101.6100 mm): Pad 4 [Net-(U2-EPAD)] of U2 on F.Cu
    @(198.3226 mm, 100.8600 mm): Pad HTAB [Net-(U2-EPAD)] of U2 on F.Cu
[unconnected_items]: Missing connection between items
    Local override; error
    @(70.5596 mm, 101.8709 mm): Pad 1 [Net-(BUFF1-INA-)] of Rg1 on F.Cu
    @(65.7500 mm, 106.1209 mm): Pad 2 [Net-(BUFF1-INA-)] of Rin1 on F.Cu
[unconnected_items]: Missing connection between items
    Local override; error
    @(74.3048 mm, 102.7709 mm): Pad 2 [Net-(BUFF1-INA-)] of BUFF1 on F.Cu
    @(70.5596 mm, 101.8709 mm): Pad 1 [Net-(BUFF1-INA-)] of Rg1 on F.Cu
[unconnected_items]: Missing connection between items
    Local override; error
    @(77.9446 mm, 108.8209 mm): Pad 1 [Net-(BUFF1-INA-)] of CComp1 on F.Cu
    @(80.2846 mm, 105.1709 mm): Pad 1 [Net-(BUFF1-INA-)] of Rf1 on F.Cu
[unconnected_items]: Missing connection between items
    Local override; error
    @(80.2846 mm, 105.1709 mm): Pad 1 [Net-(BUFF1-INA-)] of Rf1 on F.Cu
    @(74.3048 mm, 102.7709 mm): Pad 2 [Net-(BUFF1-INA-)] of BUFF1 on F.Cu
[unconnected_items]: Missing connection between items
    Local override; error
    @(76.4721 mm, 98.3209 mm): Pad 1 [Net-(BUFF1-OUTB)] of R3 on F.Cu
    @(77.2096 mm, 102.7709 mm): Pad 7 [Net-(BUFF1-OUTB)] of BUFF1 on F.Cu
[unconnected_items]: Missing connection between items
    Local override; error
    @(77.2096 mm, 102.7709 mm): Pad 7 [Net-(BUFF1-OUTB)] of BUFF1 on F.Cu
    @(82.1096 mm, 105.1709 mm): Pad 2 [Net-(BUFF1-OUTB)] of Rf1 on F.Cu
[unconnected_items]: Missing connection between items
    Local override; error
    @(78.5846 mm, 108.8209 mm): Pad 2 [Net-(BUFF1-OUTB)] of CComp1 on F.Cu
    @(82.1096 mm, 105.1709 mm): Pad 2 [Net-(BUFF1-OUTB)] of Rf1 on F.Cu
[unconnected_items]: Missing connection between items
    Local override; error
    @(71.6596 mm, 96.4709 mm): Pad 2 [Net-(BUFF1-INA+)] of Rdiff1 on F.Cu
    @(74.6471 mm, 98.3209 mm): Pad 2 [Net-(BUFF1-INA+)] of R3 on F.Cu
[unconnected_items]: Missing connection between items
    Local override; error
    @(74.6471 mm, 98.3209 mm): Pad 2 [Net-(BUFF1-INA+)] of R3 on F.Cu
    @(74.3048 mm, 103.2709 mm): Pad 3 [Net-(BUFF1-INA+)] of BUFF1 on F.Cu
[unconnected_items]: Missing connection between items
    Local override; error
    @(112.5500 mm, 105.5000 mm): Pad 1 [Net-(BUFF1-INA+)] of R8 on F.Cu
    @(116.5875 mm, 106.8000 mm): Pad 1 [Net-(BUFF1-INA+)] of R6 on F.Cu
[unconnected_items]: Missing connection between items
    Local override; error
    @(112.5500 mm, 105.5000 mm): Pad 1 [Net-(BUFF1-INA+)] of R8 on F.Cu
    @(74.3048 mm, 103.2709 mm): Pad 3 [Net-(BUFF1-INA+)] of BUFF1 on F.Cu
[unconnected_items]: Missing connection between items
    Local override; error
    @(116.5875 mm, 106.8000 mm): Pad 1 [Net-(BUFF1-INA+)] of R6 on F.Cu
    @(121.2577 mm, 102.9000 mm): Pad 3 [Net-(BUFF1-INA+)] of DIFF1 on F.Cu
[unconnected_items]: Missing connection between items
    Local override; error
    @(59.5696 mm, 100.0209 mm): Pad 2 [MICRF-] of Rdiff2 on F.Cu
    @(95.7976 mm, 103.2024 mm): Pad 3 [MICRF-] of BUFF2 on F.Cu
[unconnected_items]: Missing connection between items
    Local override; error
    @(127.9875 mm, 105.9600 mm): Pad 2 [MICRF-] of D1 on F.Cu
    @(95.7976 mm, 103.2024 mm): Pad 3 [MICRF-] of BUFF2 on F.Cu
[unconnected_items]: Missing connection between items
    Local override; error
    @(129.5875 mm, 108.4600 mm): Pad 1 [MICRF-] of D2 on F.Cu
    @(127.9875 mm, 105.9600 mm): Pad 2 [MICRF-] of D1 on F.Cu
[unconnected_items]: Missing connection between items
    Local override; error
    @(134.4125 mm, 103.5500 mm): Pad 1 [MICRF-] of C14 on F.Cu
    @(127.9875 mm, 105.9600 mm): Pad 2 [MICRF-] of D1 on F.Cu
[unconnected_items]: Missing connection between items
    Local override; error
    @(138.1000 mm, 107.0000 mm): Pad 1 [MICRF-] of Crf1 on F.Cu
    @(134.4125 mm, 103.5500 mm): Pad 1 [MICRF-] of C14 on F.Cu
[unconnected_items]: Missing connection between items
    Local override; error
    @(93.0250 mm, 100.5000 mm): Pad 2 [Net-(BUFF2-OUTB)] of CComp2 on F.Cu
    @(98.7024 mm, 102.7024 mm): Pad 7 [Net-(BUFF2-OUTB)] of BUFF2 on F.Cu
[unconnected_items]: Missing connection between items
    Local override; error
    @(98.7024 mm, 102.7024 mm): Pad 7 [Net-(BUFF2-OUTB)] of BUFF2 on F.Cu
    @(99.0000 mm, 97.0000 mm): Pad 2 [Net-(BUFF2-OUTB)] of Rf2 on F.Cu
[unconnected_items]: Missing connection between items
    Local override; error
    @(102.5000 mm, 107.5000 mm): Pad 1 [Net-(BUFF2-OUTB)] of R4 on F.Cu
    @(98.7024 mm, 102.7024 mm): Pad 7 [Net-(BUFF2-OUTB)] of BUFF2 on F.Cu
[unconnected_items]: Missing connection between items
    Local override; error
    @(70.5596 mm, 100.0459 mm): Pad 2 [Net-(BUFF2-INA-)] of Rg1 on F.Cu
    @(65.6096 mm, 101.0959 mm): Pad 1 [Net-(BUFF2-INA-)] of Rin2 on F.Cu
[unconnected_items]: Missing connection between items
    Local override; error
    @(93.6650 mm, 100.5000 mm): Pad 1 [Net-(BUFF2-INA-)] of CComp2 on F.Cu
    @(70.5596 mm, 100.0459 mm): Pad 2 [Net-(BUFF2-INA-)] of Rg1 on F.Cu
[unconnected_items]: Missing connection between items
    Local override; error
    @(95.7976 mm, 102.7024 mm): Pad 2 [Net-(BUFF2-INA-)] of BUFF2 on F.Cu
    @(93.6650 mm, 100.5000 mm): Pad 1 [Net-(BUFF2-INA-)] of CComp2 on F.Cu
[unconnected_items]: Missing connection between items
    Local override; error
    @(97.1750 mm, 97.0000 mm): Pad 1 [Net-(BUFF2-INA-)] of Rf2 on F.Cu
    @(93.6650 mm, 100.5000 mm): Pad 1 [Net-(BUFF2-INA-)] of CComp2 on F.Cu
[unconnected_items]: Missing connection between items
    Local override; error
    @(78.5596 mm, 100.3959 mm): Pad 2 [Net-(C1-Pad2)] of C1 on F.Cu
    @(80.7596 mm, 102.2459 mm): Pad 2 [Net-(C1-Pad2)] of C2 on F.Cu
[unconnected_items]: Missing connection between items
    Local override; error
    @(102.5000 mm, 105.6750 mm): Pad 2 [Net-(DIFF1-INA-)] of R4 on F.Cu
    @(118.4125 mm, 103.0500 mm): Pad 1 [Net-(DIFF1-INA-)] of R5 on F.Cu
[unconnected_items]: Missing connection between items
    Local override; error
    @(118.4125 mm, 103.0500 mm): Pad 1 [Net-(DIFF1-INA-)] of R5 on F.Cu
    @(121.2577 mm, 102.4000 mm): Pad 2 [Net-(DIFF1-INA-)] of DIFF1 on F.Cu
[unconnected_items]: Missing connection between items
    Local override; error
    @(121.2577 mm, 102.4000 mm): Pad 2 [Net-(DIFF1-INA-)] of DIFF1 on F.Cu
    @(122.8125 mm, 95.7500 mm): Pad 1 [Net-(DIFF1-INA-)] of R7 on F.Cu
[unconnected_items]: Missing connection between items
    Local override; error
    @(63.9250 mm, 106.1209 mm): Pad 1 [Net-(Rin1-Pad1)] of Rin1 on F.Cu
    @(65.6096 mm, 102.9209 mm): Pad 2 [Net-(Rin1-Pad1)] of Rin2 on F.Cu
[unconnected_items]: Missing connection between items
    Local override; error
    @(184.0000 mm, 98.4600 mm): PTH pad 1 [/LPF/HP_OUT] of TP6
    @(184.0000 mm, 101.0000 mm): PTH pad 1 [/LPF/HP_OUT] of TP6
[unconnected_items]: Missing connection between items
    Local override; error
    @(189.6750 mm, 96.5000 mm): Pad 1 [/LPF/HP_OUT] of R15 on F.Cu
    @(184.0000 mm, 98.4600 mm): PTH pad 1 [/LPF/HP_OUT] of TP6
[unconnected_items]: Missing connection between items
    Local override; error
    @(224.0000 mm, 105.6250 mm): Pad 1 [/ADC Interface/LP_OUT] of U4 on F.Cu
    @(232.0000 mm, 98.7500 mm): PTH pad 1 [/ADC Interface/LP_OUT] of TP8
[unconnected_items]: Missing connection between items
    Local override; error
    @(232.0000 mm, 98.7500 mm): PTH pad 1 [/ADC Interface/LP_OUT] of TP8
    @(232.0000 mm, 96.2100 mm): PTH pad 1 [/ADC Interface/LP_OUT] of TP8

** Found 0 Footprint errors **

** End of Report **
